ERROR 2026-08-03 18:50:53,799 signal 35637 137343950811264 Signal handler <bound method DjangoFixup.on_import_modules of <celery.fixups.django.DjangoFixup object at 0x7ce9df2eb2c0>> raised: Exception('I AM INSIDE THE FILE I AM EDITING')
Traceback (most recent call last):
  File "/home/kanhucharan/Desktop/Bariflo Projects/new_account-dashboard/env/lib/python3.12/site-packages/celery/utils/dispatch/signal.py", line 280, in send
    response = receiver(signal=self, sender=sender, **named)
               ^^^^^^^^^^^^^^^^^^^^^^^^^^^^^^^^^^^^^^^^^^^^^
  File "/home/kanhucharan/Desktop/Bariflo Projects/new_account-dashboard/env/lib/python3.12/site-packages/celery/fixups/django.py", line 101, in on_import_modules
    self.worker_fixup.validate_models()
  File "/home/kanhucharan/Desktop/Bariflo Projects/new_account-dashboard/env/lib/python3.12/site-packages/celery/fixups/django.py", line 141, in validate_models
    run_checks()
  File "/home/kanhucharan/Desktop/Bariflo Projects/new_account-dashboard/env/lib/python3.12/site-packages/django/core/checks/registry.py", line 89, in run_checks
    new_errors = check(app_configs=app_configs, databases=databases)
                 ^^^^^^^^^^^^^^^^^^^^^^^^^^^^^^^^^^^^^^^^^^^^^^^^^^^
  File "/home/kanhucharan/Desktop/Bariflo Projects/new_account-dashboard/env/lib/python3.12/site-packages/django/core/checks/urls.py", line 136, in check_custom_error_handlers
    handler = resolver.resolve_error_handler(status_code)
              ^^^^^^^^^^^^^^^^^^^^^^^^^^^^^^^^^^^^^^^^^^^
  File "/home/kanhucharan/Desktop/Bariflo Projects/new_account-dashboard/env/lib/python3.12/site-packages/django/urls/resolvers.py", line 732, in resolve_error_handler
    callback = getattr(self.urlconf_module, "handler%s" % view_type, None)
                       ^^^^^^^^^^^^^^^^^^^
  File "/home/kanhucharan/Desktop/Bariflo Projects/new_account-dashboard/env/lib/python3.12/site-packages/django/utils/functional.py", line 47, in __get__
    res = instance.__dict__[self.name] = self.func(instance)
                                         ^^^^^^^^^^^^^^^^^^^
  File "/home/kanhucharan/Desktop/Bariflo Projects/new_account-dashboard/env/lib/python3.12/site-packages/django/urls/resolvers.py", line 711, in urlconf_module
    return import_module(self.urlconf_name)
           ^^^^^^^^^^^^^^^^^^^^^^^^^^^^^^^^
  File "/usr/lib/python3.12/importlib/__init__.py", line 90, in import_module
    return _bootstrap._gcd_import(name[level:], package, level)
           ^^^^^^^^^^^^^^^^^^^^^^^^^^^^^^^^^^^^^^^^^^^^^^^^^^^^
  File "<frozen importlib._bootstrap>", line 1387, in _gcd_import
  File "<frozen importlib._bootstrap>", line 1360, in _find_and_load
  File "<frozen importlib._bootstrap>", line 1331, in _find_and_load_unlocked
  File "<frozen importlib._bootstrap>", line 935, in _load_unlocked
  File "<frozen importlib._bootstrap_external>", line 995, in exec_module
  File "<frozen importlib._bootstrap>", line 488, in _call_with_frames_removed
  File "/home/kanhucharan/Desktop/Bariflo Projects/new_account-dashboard/accounts/urls.py", line 23, in <module>
    path('api/', include('banklist.urls')),
                 ^^^^^^^^^^^^^^^^^^^^^^^^
  File "/home/kanhucharan/Desktop/Bariflo Projects/new_account-dashboard/env/lib/python3.12/site-packages/django/urls/conf.py", line 39, in include
    urlconf_module = import_module(urlconf_module)
                     ^^^^^^^^^^^^^^^^^^^^^^^^^^^^^
  File "/usr/lib/python3.12/importlib/__init__.py", line 90, in import_module
    return _bootstrap._gcd_import(name[level:], package, level)
           ^^^^^^^^^^^^^^^^^^^^^^^^^^^^^^^^^^^^^^^^^^^^^^^^^^^^
  File "<frozen importlib._bootstrap>", line 1387, in _gcd_import
  File "<frozen importlib._bootstrap>", line 1360, in _find_and_load
  File "<frozen importlib._bootstrap>", line 1331, in _find_and_load_unlocked
  File "<frozen importlib._bootstrap>", line 935, in _load_unlocked
  File "<frozen importlib._bootstrap_external>", line 995, in exec_module
  File "<frozen importlib._bootstrap>", line 488, in _call_with_frames_removed
  File "/home/kanhucharan/Desktop/Bariflo Projects/new_account-dashboard/banklist/urls.py", line 2, in <module>
    from .views import (
  File "/home/kanhucharan/Desktop/Bariflo Projects/new_account-dashboard/banklist/views.py", line 33, in <module>
    from .services.pdf_parser import parse_bank_statement
  File "/home/kanhucharan/Desktop/Bariflo Projects/new_account-dashboard/banklist/services/pdf_parser.py", line 584, in <module>
    raise Exception("I AM INSIDE THE FILE I AM EDITING")
Exception: I AM INSIDE THE FILE I AM EDITING
ERROR 2026-08-03 18:50:56,621 signal 35660 139427558961280 Signal handler <bound method DjangoFixup.on_import_modules of <celery.fixups.django.DjangoFixup object at 0x7eceffe57a10>> raised: Exception('I AM INSIDE THE FILE I AM EDITING')
Traceback (most recent call last):
  File "/home/kanhucharan/Desktop/Bariflo Projects/new_account-dashboard/env/lib/python3.12/site-packages/celery/utils/dispatch/signal.py", line 280, in send
    response = receiver(signal=self, sender=sender, **named)
               ^^^^^^^^^^^^^^^^^^^^^^^^^^^^^^^^^^^^^^^^^^^^^
  File "/home/kanhucharan/Desktop/Bariflo Projects/new_account-dashboard/env/lib/python3.12/site-packages/celery/fixups/django.py", line 101, in on_import_modules
    self.worker_fixup.validate_models()
  File "/home/kanhucharan/Desktop/Bariflo Projects/new_account-dashboard/env/lib/python3.12/site-packages/celery/fixups/django.py", line 141, in validate_models
    run_checks()
  File "/home/kanhucharan/Desktop/Bariflo Projects/new_account-dashboard/env/lib/python3.12/site-packages/django/core/checks/registry.py", line 89, in run_checks
    new_errors = check(app_configs=app_configs, databases=databases)
                 ^^^^^^^^^^^^^^^^^^^^^^^^^^^^^^^^^^^^^^^^^^^^^^^^^^^
  File "/home/kanhucharan/Desktop/Bariflo Projects/new_account-dashboard/env/lib/python3.12/site-packages/django/core/checks/urls.py", line 136, in check_custom_error_handlers
    handler = resolver.resolve_error_handler(status_code)
              ^^^^^^^^^^^^^^^^^^^^^^^^^^^^^^^^^^^^^^^^^^^
  File "/home/kanhucharan/Desktop/Bariflo Projects/new_account-dashboard/env/lib/python3.12/site-packages/django/urls/resolvers.py", line 732, in resolve_error_handler
    callback = getattr(self.urlconf_module, "handler%s" % view_type, None)
                       ^^^^^^^^^^^^^^^^^^^
  File "/home/kanhucharan/Desktop/Bariflo Projects/new_account-dashboard/env/lib/python3.12/site-packages/django/utils/functional.py", line 47, in __get__
    res = instance.__dict__[self.name] = self.func(instance)
                                         ^^^^^^^^^^^^^^^^^^^
  File "/home/kanhucharan/Desktop/Bariflo Projects/new_account-dashboard/env/lib/python3.12/site-packages/django/urls/resolvers.py", line 711, in urlconf_module
    return import_module(self.urlconf_name)
           ^^^^^^^^^^^^^^^^^^^^^^^^^^^^^^^^
  File "/usr/lib/python3.12/importlib/__init__.py", line 90, in import_module
    return _bootstrap._gcd_import(name[level:], package, level)
           ^^^^^^^^^^^^^^^^^^^^^^^^^^^^^^^^^^^^^^^^^^^^^^^^^^^^
  File "<frozen importlib._bootstrap>", line 1387, in _gcd_import
  File "<frozen importlib._bootstrap>", line 1360, in _find_and_load
  File "<frozen importlib._bootstrap>", line 1331, in _find_and_load_unlocked
  File "<frozen importlib._bootstrap>", line 935, in _load_unlocked
  File "<frozen importlib._bootstrap_external>", line 995, in exec_module
  File "<frozen importlib._bootstrap>", line 488, in _call_with_frames_removed
  File "/home/kanhucharan/Desktop/Bariflo Projects/new_account-dashboard/accounts/urls.py", line 23, in <module>
    path('api/', include('banklist.urls')),
                 ^^^^^^^^^^^^^^^^^^^^^^^^
  File "/home/kanhucharan/Desktop/Bariflo Projects/new_account-dashboard/env/lib/python3.12/site-packages/django/urls/conf.py", line 39, in include
    urlconf_module = import_module(urlconf_module)
                     ^^^^^^^^^^^^^^^^^^^^^^^^^^^^^
  File "/usr/lib/python3.12/importlib/__init__.py", line 90, in import_module
    return _bootstrap._gcd_import(name[level:], package, level)
           ^^^^^^^^^^^^^^^^^^^^^^^^^^^^^^^^^^^^^^^^^^^^^^^^^^^^
  File "<frozen importlib._bootstrap>", line 1387, in _gcd_import
  File "<frozen importlib._bootstrap>", line 1360, in _find_and_load
  File "<frozen importlib._bootstrap>", line 1331, in _find_and_load_unlocked
  File "<frozen importlib._bootstrap>", line 935, in _load_unlocked
  File "<frozen importlib._bootstrap_external>", line 995, in exec_module
  File "<frozen importlib._bootstrap>", line 488, in _call_with_frames_removed
  File "/home/kanhucharan/Desktop/Bariflo Projects/new_account-dashboard/banklist/urls.py", line 2, in <module>
    from .views import (
  File "/home/kanhucharan/Desktop/Bariflo Projects/new_account-dashboard/banklist/views.py", line 33, in <module>
    from .services.pdf_parser import parse_bank_statement
  File "/home/kanhucharan/Desktop/Bariflo Projects/new_account-dashboard/banklist/services/pdf_parser.py", line 584, in <module>
    raise Exception("I AM INSIDE THE FILE I AM EDITING")
Exception: I AM INSIDE THE FILE I AM EDITING
